// Jest Snapshot v1, https://goo.gl/fbAQLP

exports[`MessageModal should render corrent 1`] = `
<div
  className="mock-class message-modal message-modal--hidden"
>
  <div
    className="message-modal__content"
  >
    <div
      className="message-modal__title"
    >
      mock-title
    </div>
    <div
      className="message-modal__message"
    >
      mock-message
    </div>
    <div
      className="message-modal__footer"
    >
      <Button
        onClick={[Function]}
        type="button"
      >
        mock-ok-text
      </Button>
    </div>
  </div>
</div>
`;
